// Jest Snapshot v1, https://goo.gl/fbAQLP

exports[`renders TableView  1`] = `
<div
  className="table-outline"
>
  <div
    className="MuiBox-root css-i9gxme"
  >
    <div
      className="MuiGrid-root MuiGrid-container MuiGrid-spacing-xs-2 css-mhc70k-MuiGrid-root"
    >
      <div
        className="MuiGrid-root MuiGrid-item MuiGrid-grid-xs-8 css-vok43g-MuiGrid-root"
      >
        <div
          className="heading"
        >
          Installed SDK's
        </div>
        <div
          className="subheading"
        >
          Latest Update:
        </div>
      </div>
      <div
        className="MuiGrid-root MuiGrid-item MuiGrid-grid-xs-4 css-gj1fbr-MuiGrid-root"
      >
        <div
          className="listcount"
        >
          1
        </div>
      </div>
    </div>
  </div>
  <div
    className="divider"
  />
  <div
    className="MuiBox-root css-i9gxme"
  >
    <div
      className="MuiGrid-root MuiGrid-container MuiGrid-spacing-xs-2 css-mhc70k-MuiGrid-root"
    >
      <div
        className="MuiGrid-root MuiGrid-item MuiGrid-grid-xs-6 css-1osj8n2-MuiGrid-root"
      >
        <div
          className="list-item"
        >
          <div
            className="category"
          >
            Backend
          </div>
          <div
            className="items"
          >
            <div
              className="item"
            >
              SDK 1 2019-07-16T13:24:39.000-07:00
            </div>
          </div>
        </div>
      </div>
    </div>
  </div>
</div>
`;
